2026-09-13T13:23:18+03:00	03	merhem	formationType: tartışmalı → alıntı
2026-09-13T13:23:18+03:00	04	kahve	formationType: tartışmalı → alıntı
2026-09-13T13:23:18+03:00	04	şurup	formationType: tartışmalı → alıntı
2026-09-13T13:23:18+03:00	04	zeytin	formationType: tartışmalı → alıntı
2026-09-13T13:23:18+03:00	04	salep	formationType: tartışmalı → alıntı
2026-09-13T13:23:18+03:00	06	maaş	formationType: tartışmalı → alıntı
2026-09-13T13:23:18+03:00	06	şekil	formationType: tartışmalı → alıntı
2026-09-13T13:23:18+03:00	08	ayna	formationType: tartışmalı → alıntı
2026-09-13T13:23:18+03:00	08	menteşe	formationType: tartışmalı → alıntı
2026-09-13T13:23:18+03:00	08	bahçe	formationType: tartışmalı → alıntı
2026-09-13T13:23:18+03:00	08	sümbül	formationType: tartışmalı → alıntı
2026-09-13T13:23:18+03:00	08	çınar	formationType: tartışmalı → alıntı
2026-09-13T13:23:18+03:00	09	bedava	formationType: tartışmalı → alıntı
2026-09-13T13:23:18+03:00	10	ıspanak	formationType: tartışmalı → alıntı
2026-09-13T13:23:18+03:00	10	dut	formationType: tartışmalı → alıntı
2026-09-13T13:23:18+03:00	11	keşkek	formationType: tartışmalı → alıntı
2026-09-13T13:23:18+03:00	12	çorap	formationType: tartışmalı → alıntı
2026-09-13T13:23:18+03:00	13	mobilya	formationType: tartışmalı → alıntı
2026-09-13T13:23:18+03:00	13	büfe	formationType: tartışmalı → alıntı
2026-09-13T13:23:18+03:00	13	stor	formationType: tartışmalı → alıntı
2026-09-13T14:05:56+03:00	13	nezaket	formationType: tartışmalı → alıntı
2026-09-13T14:05:56+03:00	20	çise	formationType: null → öz
2026-09-13T14:05:56+03:00	20	esrik	formationType: null → öz
2026-09-13T14:05:56+03:00	20	gönenç	formationType: null → öz
2026-09-13T14:05:56+03:00	20	gönenmek	formationType: null → öz
2026-09-13T14:05:56+03:00	20	gücenmek	formationType: null → öz
2026-09-13T14:05:56+03:00	20	ılgım	formationType: null → öz
2026-09-13T14:05:56+03:00	20	irkilmek	formationType: null → öz
2026-09-13T14:05:56+03:00	26	sükûnet	formationType: tartışmalı → alıntı
